// Jest Snapshot v1, https://goo.gl/fbAQLP

exports[`Myprofile component should render with given state from redux store 1`] = `
<div
  className="profileContainer"
>
  <div
    className="profiles"
  >
    <h1>
      My Missions
    </h1>
    <ul
      className="profile"
    />
  </div>
  <div
    className="profiles"
  >
    <h1>
      My Rockets
    </h1>
    <ul
      className="profile"
    />
  </div>
</div>
`;
